// Jest Snapshot v1, https://goo.gl/fbAQLP

exports[`Render icon renders correctly 1`] = `
<import __react__vue__Vue, { observer as __react__vue__observer } from 'vue-native-core'
import __react__vue__ReactNative from 'react-native'
import __react__vue__PropType from 'prop-types'
import { buildNativeComponent as __react__vue__buildNativeComponent } from 'vue-native-helper'
import { bindNativeClass as __react__vue__bindClass,bindNativeStyle as __react__vue__bindStyle,mergeNativeStyleAndNativeClass as __react__vue__mergeNativeStyleAndNativeClass,mergeProps as __react__vue__mergeProps } from 'vue-native-helper'
import {
      createElement as __react__vue__createElement,
      Component as __react__vue__Component
    } from 'react'

import Icon from 'react-native-vector-icons/Ionicons'
const __react__vue__options =  {
  name: 'Icon',
  components: { Icon },

  props: {
    name: {
      type: String,
      default: undefined
    },

    color: {
      type: String,
      default: undefined
    },

    size: {
      type: Number,
      default: 24
    }
  },

  computed: {
    defaultColor () {
      return this.color ? this.color : (this.isDarkScheme ? 'white' : 'black')
    }
  }
}

const __react__vue__render = function render(vm) {
    return __react__vue__createElement(vm.$options.components['Icon'], __react__vue__mergeProps.call(this, this.props.__react__vue__nativeEvents, {
        ref: ref => {
            this.setRootRef(ref);
            this.props['__react__vue__setRef'] && this.props['__react__vue__setRef'](ref);
        },
        name: vm['name'],
        color: vm['defaultColor'],
        size: vm['size'],
        style: __react__vue__mergeNativeStyleAndNativeClass(__react__vue__bindClass.call(this, {
            parentClass: this.props.style
        }), __react__vue__bindStyle(undefined, undefined, undefined))
    }));
};

const __react__vue__css = {}

const __react__vue__ComponentBuilded = __react__vue__buildNativeComponent(__react__vue__render, __react__vue__options, {Component: __react__vue__Component, PropTypes: __react__vue__PropType, Vue: __react__vue__Vue, ReactNative: __react__vue__ReactNative, css: __react__vue__css})

export default __react__vue__observer(__react__vue__ComponentBuilded) />
`;
