// Jest Snapshot v1, https://goo.gl/fbAQLP

exports[`Render keyboard key renders correctly 1`] = `
<import __react__vue__Vue, { observer as __react__vue__observer } from 'vue-native-core'
import __react__vue__ReactNative from 'react-native'
import __react__vue__PropType from 'prop-types'
import { buildNativeComponent as __react__vue__buildNativeComponent } from 'vue-native-helper'
import { bindNativeClass as __react__vue__bindClass,bindNativeStyle as __react__vue__bindStyle,mergeNativeStyleAndNativeClass as __react__vue__mergeNativeStyleAndNativeClass,mergeProps as __react__vue__mergeProps,renderSlot as __react__vue__renderSlot,_toString as __react__vue__toString } from 'vue-native-helper'
import {
      createElement as __react__vue__createElement,
      Component as __react__vue__Component
    } from 'react'


const __react__vue__options =  {
  name: 'KeyboardKey',

  props: ['label'],

  computed: {
    styles () {
      return stylesStore(this.isDarkScheme)
    }
  }
}

const stylesStore = (isDarkScheme) => {
  return {
    keyboardKey: {
      flex: 0.3,
      justifyContent: 'center',
      alignItems: 'center',
      backgroundColor: isDarkScheme ? '#3b3f46' : '#ffffff',
      height: '80%',
      borderRadius: 100
    },

    keyboardCharater: {
      fontWeight: '600',
      fontSize: 24,
      color: isDarkScheme ? 'white' : 'black'
    }
  }
}

const __react__vue__render = function render(vm) {
    const __react__vue__slotSet = __react__vue__renderSlot.call(this, [], this.props.children);
    return __react__vue__createElement(vm.$options.components['TouchableOpacity'], __react__vue__mergeProps.call(this, this.props.__react__vue__nativeEvents, {
        ref: ref => {
            this.setRootRef(ref);
            this.props['__react__vue__setRef'] && this.props['__react__vue__setRef'](ref);
        },
        onPress: () => vm['$emit']('keydown'),
        style: __react__vue__mergeNativeStyleAndNativeClass(__react__vue__bindClass.call(this, {
            parentClass: this.props.style
        }), __react__vue__bindStyle(vm['styles'].keyboardKey, undefined, undefined))
    }), __react__vue__slotSet(undefined, {}) || [__react__vue__createElement(vm.$options.components['Text'], {
        key: 0,
        style: __react__vue__mergeNativeStyleAndNativeClass(undefined, __react__vue__bindStyle(vm['styles'].keyboardCharater, undefined, undefined))
    }, __react__vue__toString(vm['label']))]);
};

const __react__vue__css = {}

const __react__vue__ComponentBuilded = __react__vue__buildNativeComponent(__react__vue__render, __react__vue__options, {Component: __react__vue__Component, PropTypes: __react__vue__PropType, Vue: __react__vue__Vue, ReactNative: __react__vue__ReactNative, css: __react__vue__css})

export default __react__vue__observer(__react__vue__ComponentBuilded) />
`;
